
Discarded input sections

 .group         0x0000000000000000        0xc main.o
 .group         0x0000000000000000        0xc main.o
 .group         0x0000000000000000        0xc main.o
 .group         0x0000000000000000        0xc main.o
 .group         0x0000000000000000        0xc main.o
 .group         0x0000000000000000        0xc main.o
 .group         0x0000000000000000        0xc main.o
 .group         0x0000000000000000        0xc stm32_startup.o
 .group         0x0000000000000000        0xc stm32_startup.o
 .group         0x0000000000000000        0xc stm32_startup.o
 .group         0x0000000000000000        0xc stm32_startup.o
 .group         0x0000000000000000        0xc stm32_startup.o
 .group         0x0000000000000000        0xc stm32_startup.o
 .group         0x0000000000000000        0xc stm32_startup.o
 .debug_macro   0x0000000000000000      0xa5a stm32_startup.o
 .debug_macro   0x0000000000000000       0x22 stm32_startup.o
 .debug_macro   0x0000000000000000       0x8e stm32_startup.o
 .debug_macro   0x0000000000000000       0x51 stm32_startup.o
 .debug_macro   0x0000000000000000      0x103 stm32_startup.o
 .debug_macro   0x0000000000000000       0x6a stm32_startup.o
 .debug_macro   0x0000000000000000      0x1df stm32_startup.o

Memory Configuration

Name             Origin             Length             Attributes
FLASH            0x0000000008000000 0x0000000000100000 xr
SRAM1            0x0000000020000000 0x0000000000018000 xrw
SRAM2            0x0000000010000000 0x0000000000008000 xrw
*default*        0x0000000000000000 0xffffffffffffffff

Linker script and memory map

LOAD main.o
LOAD stm32_startup.o
                0x0000000020018000                _estack = 0x20018000
                0x0000000000000400                _Min_Heap_Size = 0x400
                0x0000000000000200                _Min_Stack_Size = 0x200

.isr_vector     0x0000000008000000      0x18c
                0x0000000008000000                . = ALIGN (0x4)
 *(.isr_vector)
 .isr_vector    0x0000000008000000      0x18c stm32_startup.o
                0x0000000008000000                vectors
                0x000000000800018c                . = ALIGN (0x4)

.text           0x000000000800018c      0x110
                0x000000000800018c                . = ALIGN (0x4)
 *(.text)
 .text          0x000000000800018c       0x80 main.o
                0x000000000800018c                led_on
                0x00000000080001d8                main
 .text          0x000000000800020c       0x90 stm32_startup.o
                0x000000000800020c                RTC_Alarm_IRQHandler
                0x000000000800020c                EXTI2_IRQHandler
                0x000000000800020c                TIM8_TRG_COM_IRQHandler
                0x000000000800020c                TIM8_CC_IRQHandler
                0x000000000800020c                DebugMon_Handler
                0x000000000800020c                TIM1_CC_IRQHandler
                0x000000000800020c                TSC_IRQHandler
                0x000000000800020c                DMA2_Stream5_IRQHandler
                0x000000000800020c                HardFault_Handler
                0x000000000800020c                DMA1_Stream5_IRQHandler
                0x000000000800020c                SysTick_Handler
                0x000000000800020c                PVD_IRQHandler
                0x000000000800020c                TAMP_STAMP_IRQHandler
                0x000000000800020c                PendSV_Handler
                0x000000000800020c                NMI_Handler
                0x000000000800020c                EXTI3_IRQHandler
                0x000000000800020c                LPTIM2_IRQHandler
                0x000000000800020c                DFSDM1_FLT1_IRQHandler
                0x000000000800020c                DFSDM1_FLT2_IRQHandler
                0x000000000800020c                TIM6_DACUNDER_IRQHandler
                0x000000000800020c                EXTI0_IRQHandler
                0x000000000800020c                I2C2_EV_IRQHandler
                0x000000000800020c                DMA1_Stream2_IRQHandler
                0x000000000800020c                CAN1_RX0_IRQHandler
                0x000000000800020c                FPU_IRQHandler
                0x000000000800020c                TIM1_UP_TIM16_IRQHandler
                0x000000000800020c                UsageFault_Handler
                0x000000000800020c                ADC1_2_IRQHandler
                0x000000000800020c                DMA2_Stream2_IRQHandler
                0x000000000800020c                SPI1_IRQHandler
                0x000000000800020c                TIM8_UP_IRQHandler
                0x000000000800020c                DMA2_Stream3_IRQHandler
                0x000000000800020c                SAI2_IRQHandler
                0x000000000800020c                DFSDM1_FLT3_IRQHandler
                0x000000000800020c                USART3_IRQHandler
                0x000000000800020c                CAN1_RX1_IRQHandler
                0x000000000800020c                LCD_IRQHandler
                0x000000000800020c                UART5_IRQHandler
                0x000000000800020c                ADC3_IRQHandler
                0x000000000800020c                DMA2_Stream0_IRQHandler
                0x000000000800020c                TIM4_IRQHandler
                0x000000000800020c                QUADSPI_IRQHandler
                0x000000000800020c                I2C1_EV_IRQHandler
                0x000000000800020c                DMA1_Stream6_IRQHandler
                0x000000000800020c                DMA1_Stream1_IRQHandler
                0x000000000800020c                UART4_IRQHandler
                0x000000000800020c                TIM3_IRQHandler
                0x000000000800020c                RCC_IRQHandler
                0x000000000800020c                Default_Handler
                0x000000000800020c                EXTI15_10_IRQHandler
                0x000000000800020c                DMA1_Stream7_IRQHandler
                0x000000000800020c                TIM7_IRQHandler
                0x000000000800020c                SDMMC1_IRQHandler
                0x000000000800020c                TIM5_IRQHandler
                0x000000000800020c                I2C3_EV_IRQHandler
                0x000000000800020c                EXTI9_5_IRQHandler
                0x000000000800020c                RTC_WKUP_IRQHandler
                0x000000000800020c                SPI2_IRQHandler
                0x000000000800020c                MemManage_Handler
                0x000000000800020c                DMA1_Stream0_IRQHandler
                0x000000000800020c                CAN1_TX_IRQHandler
                0x000000000800020c                SVC_Handler
                0x000000000800020c                EXTI4_IRQHandler
                0x000000000800020c                RNG_IRQHandler
                0x000000000800020c                TIM1_TRG_COM_TIM17_IRQHandler
                0x000000000800020c                COMP_IRQHandler
                0x000000000800020c                WWDG_IRQHandler
                0x000000000800020c                LPUART1_IRQHandler
                0x000000000800020c                TIM2_IRQHandler
                0x000000000800020c                EXTI1_IRQHandler
                0x000000000800020c                USART2_IRQHandler
                0x000000000800020c                DFSDM1_FLT0_IRQHandler
                0x000000000800020c                I2C2_ER_IRQHandler
                0x000000000800020c                DMA2_Stream1_IRQHandler
                0x000000000800020c                TIM8_BRK_IRQHandler
                0x000000000800020c                CAN1_SCE_IRQHandler
                0x000000000800020c                FLASH_IRQHandler
                0x000000000800020c                DMA2_Stream4_IRQHandler
                0x000000000800020c                BusFault_Handler
                0x000000000800020c                USART1_IRQHandler
                0x000000000800020c                OTG_FS_IRQHandler
                0x000000000800020c                SPI3_IRQHandler
                0x000000000800020c                DMA1_Stream4_IRQHandler
                0x000000000800020c                I2C1_ER_IRQHandler
                0x000000000800020c                FMC_IRQHandler
                0x000000000800020c                SWPMI1_IRQHandler
                0x000000000800020c                LPTIM1_IRQHandler
                0x000000000800020c                DMA2_Stream6_IRQHandler
                0x000000000800020c                SAI1_IRQHandler
                0x000000000800020c                DMA1_Stream3_IRQHandler
                0x000000000800020c                TIM1_BRK_TIM15_IRQHandler
                0x0000000008000212                Reset_Handler
 *(.text*)
                0x000000000800029c                . = ALIGN (0x4)
                0x000000000800029c                _etext = .

.glue_7         0x000000000800029c        0x0
 .glue_7        0x000000000800029c        0x0 linker stubs

.glue_7t        0x000000000800029c        0x0
 .glue_7t       0x000000000800029c        0x0 linker stubs

.vfp11_veneer   0x000000000800029c        0x0
 .vfp11_veneer  0x000000000800029c        0x0 linker stubs

.v4_bx          0x000000000800029c        0x0
 .v4_bx         0x000000000800029c        0x0 linker stubs

.iplt           0x000000000800029c        0x0
 .iplt          0x000000000800029c        0x0 main.o

.rel.dyn        0x000000000800029c        0x0
 .rel.iplt      0x000000000800029c        0x0 main.o

.rodata         0x000000000800029c        0x0
                0x000000000800029c                . = ALIGN (0x4)
 *(.rodata)
 *(.rodata*)
                0x000000000800029c                . = ALIGN (0x4)

.data           0x0000000020000000        0x0
                0x0000000020000000                . = ALIGN (0x4)
                0x0000000020000000                _sdata = .
 *(.data)
 .data          0x0000000020000000        0x0 main.o
 .data          0x0000000020000000        0x0 stm32_startup.o
 *(.data*)
                0x0000000020000000                _edata = .
                0x0000000020000000                . = ALIGN (0x4)

.igot.plt       0x0000000020000000        0x0
 .igot.plt      0x0000000020000000        0x0 main.o

.bss            0x0000000020000000        0x0
                0x0000000020000000                . = ALIGN (0x4)
                0x0000000020000000                _sbss = .
 *(.bss)
 .bss           0x0000000020000000        0x0 main.o
 .bss           0x0000000020000000        0x0 stm32_startup.o
 *(.bss*)
 *(COMMON)
                0x0000000020000000                . = ALIGN (0x4)
                0x0000000020000000                _ebss = .

.dynamic_allocations
                0x0000000020000000      0x200
                0x0000000020000000                . = ALIGN (0x4)
                0x0000000020000000                _ssystem_ram = .
                0x0000000020000200                . = (. + _Min_Stack_Size)
 *fill*         0x0000000020000000      0x200 
                0x0000000020000200                . = ALIGN (0x4)
                0x0000000020000200                _esystem_ram = .
OUTPUT(final.elf elf32-littlearm)
LOAD linker stubs

.debug_info     0x0000000000000000      0x261
 .debug_info    0x0000000000000000       0xe0 main.o
 .debug_info    0x00000000000000e0      0x181 stm32_startup.o

.debug_abbrev   0x0000000000000000      0x1a0
 .debug_abbrev  0x0000000000000000       0xa6 main.o
 .debug_abbrev  0x00000000000000a6       0xfa stm32_startup.o

.debug_aranges  0x0000000000000000       0x40
 .debug_aranges
                0x0000000000000000       0x20 main.o
 .debug_aranges
                0x0000000000000020       0x20 stm32_startup.o

.debug_macro    0x0000000000000000      0xfd9
 .debug_macro   0x0000000000000000       0xb7 main.o
 .debug_macro   0x00000000000000b7      0xa5a main.o
 .debug_macro   0x0000000000000b11       0x22 main.o
 .debug_macro   0x0000000000000b33       0x8e main.o
 .debug_macro   0x0000000000000bc1       0x51 main.o
 .debug_macro   0x0000000000000c12      0x103 main.o
 .debug_macro   0x0000000000000d15       0x6a main.o
 .debug_macro   0x0000000000000d7f      0x1df main.o
 .debug_macro   0x0000000000000f5e       0x7b stm32_startup.o

.debug_line     0x0000000000000000      0x344
 .debug_line    0x0000000000000000      0x17a main.o
 .debug_line    0x000000000000017a      0x1ca stm32_startup.o

.debug_str      0x0000000000000000     0x3d3c
 .debug_str     0x0000000000000000     0x3c6f main.o
                                       0x3dd3 (size before relaxing)
 .debug_str     0x0000000000003c6f       0xcd stm32_startup.o
                                       0x3c0e (size before relaxing)

.comment        0x0000000000000000       0x49
 .comment       0x0000000000000000       0x49 main.o
                                         0x4a (size before relaxing)
 .comment       0x0000000000000049       0x4a stm32_startup.o

.ARM.attributes
                0x0000000000000000       0x2e
 .ARM.attributes
                0x0000000000000000       0x2e main.o
 .ARM.attributes
                0x000000000000002e       0x2e stm32_startup.o

.debug_frame    0x0000000000000000       0x9c
 .debug_frame   0x0000000000000000       0x50 main.o
 .debug_frame   0x0000000000000050       0x4c stm32_startup.o
